[0.099s] DEBUG:colcon:Command line arguments: ['/usr/bin/colcon', 'build', '--symlink-install']
[0.099s] DEBUG:colcon:Parsed command line arguments: Namespace(log_base=None, log_level=None, verb_name='build', build_base='build', install_base='install', merge_install=False, symlink_install=True, test_result_base=None, continue_on_error=False, executor='parallel', parallel_workers=20, event_handlers=None, ignore_user_meta=False, metas=['./colcon.meta'], base_paths=['.'], packages_ignore=None, packages_ignore_regex=None, paths=None, packages_up_to=None, packages_up_to_regex=None, packages_above=None, packages_above_and_dependencies=None, packages_above_depth=None, packages_select_by_dep=None, packages_skip_by_dep=None, packages_skip_up_to=None, packages_select_build_failed=False, packages_skip_build_finished=False, packages_select_test_failures=False, packages_skip_test_passed=False, packages_select=None, packages_skip=None, packages_select_regex=None, packages_skip_regex=None, packages_start=None, packages_end=None, allow_overriding=[], cmake_args=None, cmake_target=None, cmake_target_skip_unavailable=False, cmake_clean_cache=False, cmake_clean_first=False, cmake_force_configure=False, ament_cmake_args=None, catkin_cmake_args=None, catkin_skip_building_tests=False, verb_parser=<colcon_defaults.argument_parser.defaults.DefaultArgumentsDecorator object at 0x720107165ff0>, verb_extension=<colcon_core.verb.build.BuildVerb object at 0x720107165ae0>, main=<bound method BuildVerb.main of <colcon_core.verb.build.BuildVerb object at 0x720107165ae0>>)
[0.356s] Level 1:colcon.colcon_core.package_discovery:discover_packages(colcon_meta) check parameters
[0.356s] Level 1:colcon.colcon_core.package_discovery:discover_packages(recursive) check parameters
[0.356s] Level 1:colcon.colcon_core.package_discovery:discover_packages(ignore) check parameters
[0.356s] Level 1:colcon.colcon_core.package_discovery:discover_packages(path) check parameters
[0.356s] Level 1:colcon.colcon_core.package_discovery:discover_packages(colcon_meta) discover
[0.357s] Level 1:colcon.colcon_core.package_discovery:discover_packages(recursive) discover
[0.357s] INFO:colcon.colcon_core.package_discovery:Crawling recursively for packages in '/home/ircv/DM_clipGUI'
[0.357s] Level 1:colcon.colcon_core.package_identification:_identify(.) by extensions ['ignore', 'ignore_ament_install']
[0.357s] Level 1:colcon.colcon_core.package_identification:_identify(.) by extension 'ignore'
[0.357s] Level 1:colcon.colcon_core.package_identification:_identify(.) by extension 'ignore_ament_install'
[0.357s] Level 1:colcon.colcon_core.package_identification:_identify(.) by extensions ['colcon_pkg']
[0.357s] Level 1:colcon.colcon_core.package_identification:_identify(.) by extension 'colcon_pkg'
[0.357s] Level 1:colcon.colcon_core.package_identification:_identify(.) by extensions ['colcon_meta']
[0.357s] Level 1:colcon.colcon_core.package_identification:_identify(.) by extension 'colcon_meta'
[0.357s] Level 1:colcon.colcon_core.package_identification:_identify(.) by extensions ['ros']
[0.357s] Level 1:colcon.colcon_core.package_identification:_identify(.) by extension 'ros'
[0.368s] DEBUG:colcon.colcon_core.package_identification:Package '.' with type 'ros.ament_cmake' and name 'clip_recorder'
[0.368s] Level 1:colcon.colcon_core.package_discovery:discover_packages(recursive) using defaults
[0.368s] Level 1:colcon.colcon_core.package_discovery:discover_packages(ignore) discover
[0.368s] Level 1:colcon.colcon_core.package_discovery:discover_packages(ignore) using defaults
[0.368s] Level 1:colcon.colcon_core.package_discovery:discover_packages(path) discover
[0.368s] Level 1:colcon.colcon_core.package_discovery:discover_packages(path) using defaults
[0.393s] Level 1:colcon.colcon_core.package_discovery:discover_packages(prefix_path) check parameters
[0.393s] Level 1:colcon.colcon_core.package_discovery:discover_packages(prefix_path) discover
[0.396s] DEBUG:colcon.colcon_installed_package_information.package_discovery:Found 324 installed packages in /opt/ros/humble
[0.397s] Level 1:colcon.colcon_core.package_discovery:discover_packages(prefix_path) using defaults
[0.434s] Level 5:colcon.colcon_core.verb:set package 'clip_recorder' build argument 'cmake_args' from command line to 'None'
[0.434s] Level 5:colcon.colcon_core.verb:set package 'clip_recorder' build argument 'cmake_target' from command line to 'None'
[0.434s] Level 5:colcon.colcon_core.verb:set package 'clip_recorder' build argument 'cmake_target_skip_unavailable' from command line to 'False'
[0.434s] Level 5:colcon.colcon_core.verb:set package 'clip_recorder' build argument 'cmake_clean_cache' from command line to 'False'
[0.434s] Level 5:colcon.colcon_core.verb:set package 'clip_recorder' build argument 'cmake_clean_first' from command line to 'False'
[0.434s] Level 5:colcon.colcon_core.verb:set package 'clip_recorder' build argument 'cmake_force_configure' from command line to 'False'
[0.434s] Level 5:colcon.colcon_core.verb:set package 'clip_recorder' build argument 'ament_cmake_args' from command line to 'None'
[0.434s] Level 5:colcon.colcon_core.verb:set package 'clip_recorder' build argument 'catkin_cmake_args' from command line to 'None'
[0.434s] Level 5:colcon.colcon_core.verb:set package 'clip_recorder' build argument 'catkin_skip_building_tests' from command line to 'False'
[0.434s] DEBUG:colcon.colcon_core.verb:Building package 'clip_recorder' with the following arguments: {'ament_cmake_args': None, 'build_base': '/home/ircv/DM_clipGUI/build/clip_recorder', 'catkin_cmake_args': None, 'catkin_skip_building_tests': False, 'cmake_args': None, 'cmake_clean_cache': False, 'cmake_clean_first': False, 'cmake_force_configure': False, 'cmake_target': None, 'cmake_target_skip_unavailable': False, 'install_base': '/home/ircv/DM_clipGUI/install/clip_recorder', 'merge_install': False, 'path': '/home/ircv/DM_clipGUI', 'symlink_install': True, 'test_result_base': None}
[0.434s] INFO:colcon.colcon_core.executor:Executing jobs using 'parallel' executor
[0.435s] DEBUG:colcon.colcon_parallel_executor.executor.parallel:run_until_complete
[0.435s] INFO:colcon.colcon_ros.task.ament_cmake.build:Building ROS package in '/home/ircv/DM_clipGUI' with build type 'ament_cmake'
[0.435s] INFO:colcon.colcon_cmake.task.cmake.build:Building CMake package in '/home/ircv/DM_clipGUI'
[0.438s] INFO:colcon.colcon_core.plugin_system:Skipping extension 'colcon_core.shell.bat': Not used on non-Windows systems
[0.438s] INFO:colcon.colcon_core.shell:Skip shell extension 'powershell' for command environment: Not usable outside of PowerShell
[0.438s] DEBUG:colcon.colcon_core.shell:Skip shell extension 'dsv' for command environment
[0.443s] DEBUG:colcon.colcon_core.event_handler.log_command:Invoking command in '/home/ircv/DM_clipGUI/build/clip_recorder': CMAKE_PREFIX_PATH=/opt/ros/humble /usr/bin/cmake /home/ircv/DM_clipGUI -DAMENT_CMAKE_SYMLINK_INSTALL=1 -DCMAKE_INSTALL_PREFIX=/home/ircv/DM_clipGUI/install/clip_recorder
[1.699s] DEBUG:colcon.colcon_core.event_handler.log_command:Invoked command in '/home/ircv/DM_clipGUI/build/clip_recorder' returned '0': CMAKE_PREFIX_PATH=/opt/ros/humble /usr/bin/cmake /home/ircv/DM_clipGUI -DAMENT_CMAKE_SYMLINK_INSTALL=1 -DCMAKE_INSTALL_PREFIX=/home/ircv/DM_clipGUI/install/clip_recorder
[1.700s] DEBUG:colcon.colcon_core.event_handler.log_command:Invoking command in '/home/ircv/DM_clipGUI/build/clip_recorder': CMAKE_PREFIX_PATH=/opt/ros/humble /usr/bin/cmake --build /home/ircv/DM_clipGUI/build/clip_recorder -- -j20 -l20
[11.625s] DEBUG:colcon.colcon_core.event_handler.log_command:Invoked command in '/home/ircv/DM_clipGUI/build/clip_recorder' returned '0': CMAKE_PREFIX_PATH=/opt/ros/humble /usr/bin/cmake --build /home/ircv/DM_clipGUI/build/clip_recorder -- -j20 -l20
[11.632s] DEBUG:colcon.colcon_core.event_handler.log_command:Invoking command in '/home/ircv/DM_clipGUI/build/clip_recorder': CMAKE_PREFIX_PATH=/opt/ros/humble /usr/bin/cmake --install /home/ircv/DM_clipGUI/build/clip_recorder
[11.750s] Level 1:colcon.colcon_core.environment:create_environment_scripts_only(clip_recorder)
[11.751s] DEBUG:colcon.colcon_core.event_handler.log_command:Invoked command in '/home/ircv/DM_clipGUI/build/clip_recorder' returned '0': CMAKE_PREFIX_PATH=/opt/ros/humble /usr/bin/cmake --install /home/ircv/DM_clipGUI/build/clip_recorder
[11.755s] Level 1:colcon.colcon_core.environment:checking '/home/ircv/DM_clipGUI/install/clip_recorder' for CMake module files
[11.756s] Level 1:colcon.colcon_core.environment:checking '/home/ircv/DM_clipGUI/install/clip_recorder' for CMake config files
[11.756s] Level 1:colcon.colcon_core.shell:create_environment_hook('clip_recorder', 'cmake_prefix_path')
[11.756s] INFO:colcon.colcon_core.shell:Creating environment hook '/home/ircv/DM_clipGUI/install/clip_recorder/share/clip_recorder/hook/cmake_prefix_path.ps1'
[11.757s] INFO:colcon.colcon_core.shell:Creating environment descriptor '/home/ircv/DM_clipGUI/install/clip_recorder/share/clip_recorder/hook/cmake_prefix_path.dsv'
[11.758s] INFO:colcon.colcon_core.shell:Creating environment hook '/home/ircv/DM_clipGUI/install/clip_recorder/share/clip_recorder/hook/cmake_prefix_path.sh'
[11.759s] Level 1:colcon.colcon_core.environment:checking '/home/ircv/DM_clipGUI/install/clip_recorder/lib'
[11.759s] Level 1:colcon.colcon_core.environment:checking '/home/ircv/DM_clipGUI/install/clip_recorder/bin'
[11.759s] Level 1:colcon.colcon_core.environment:checking '/home/ircv/DM_clipGUI/install/clip_recorder/lib/pkgconfig/clip_recorder.pc'
[11.759s] Level 1:colcon.colcon_core.environment:checking '/home/ircv/DM_clipGUI/install/clip_recorder/lib/python3.10/site-packages'
[11.759s] Level 1:colcon.colcon_core.environment:checking '/home/ircv/DM_clipGUI/install/clip_recorder/bin'
[11.760s] INFO:colcon.colcon_core.shell:Creating package script '/home/ircv/DM_clipGUI/install/clip_recorder/share/clip_recorder/package.ps1'
[11.760s] INFO:colcon.colcon_core.shell:Creating package descriptor '/home/ircv/DM_clipGUI/install/clip_recorder/share/clip_recorder/package.dsv'
[11.761s] INFO:colcon.colcon_core.shell:Creating package script '/home/ircv/DM_clipGUI/install/clip_recorder/share/clip_recorder/package.sh'
[11.762s] INFO:colcon.colcon_core.shell:Creating package script '/home/ircv/DM_clipGUI/install/clip_recorder/share/clip_recorder/package.bash'
[11.762s] INFO:colcon.colcon_core.shell:Creating package script '/home/ircv/DM_clipGUI/install/clip_recorder/share/clip_recorder/package.zsh'
[11.763s] Level 1:colcon.colcon_core.environment:create_file_with_runtime_dependencies(/home/ircv/DM_clipGUI/install/clip_recorder/share/colcon-core/packages/clip_recorder)
[11.763s] Level 1:colcon.colcon_core.environment:create_environment_scripts_only(clip_recorder)
[11.763s] Level 1:colcon.colcon_core.environment:checking '/home/ircv/DM_clipGUI/install/clip_recorder' for CMake module files
[11.764s] Level 1:colcon.colcon_core.environment:checking '/home/ircv/DM_clipGUI/install/clip_recorder' for CMake config files
[11.764s] Level 1:colcon.colcon_core.shell:create_environment_hook('clip_recorder', 'cmake_prefix_path')
[11.764s] INFO:colcon.colcon_core.shell:Creating environment hook '/home/ircv/DM_clipGUI/install/clip_recorder/share/clip_recorder/hook/cmake_prefix_path.ps1'
[11.765s] INFO:colcon.colcon_core.shell:Creating environment descriptor '/home/ircv/DM_clipGUI/install/clip_recorder/share/clip_recorder/hook/cmake_prefix_path.dsv'
[11.765s] INFO:colcon.colcon_core.shell:Creating environment hook '/home/ircv/DM_clipGUI/install/clip_recorder/share/clip_recorder/hook/cmake_prefix_path.sh'
[11.765s] Level 1:colcon.colcon_core.environment:checking '/home/ircv/DM_clipGUI/install/clip_recorder/lib'
[11.765s] Level 1:colcon.colcon_core.environment:checking '/home/ircv/DM_clipGUI/install/clip_recorder/bin'
[11.765s] Level 1:colcon.colcon_core.environment:checking '/home/ircv/DM_clipGUI/install/clip_recorder/lib/pkgconfig/clip_recorder.pc'
[11.765s] Level 1:colcon.colcon_core.environment:checking '/home/ircv/DM_clipGUI/install/clip_recorder/lib/python3.10/site-packages'
[11.766s] Level 1:colcon.colcon_core.environment:checking '/home/ircv/DM_clipGUI/install/clip_recorder/bin'
[11.766s] INFO:colcon.colcon_core.shell:Creating package script '/home/ircv/DM_clipGUI/install/clip_recorder/share/clip_recorder/package.ps1'
[11.766s] INFO:colcon.colcon_core.shell:Creating package descriptor '/home/ircv/DM_clipGUI/install/clip_recorder/share/clip_recorder/package.dsv'
[11.767s] INFO:colcon.colcon_core.shell:Creating package script '/home/ircv/DM_clipGUI/install/clip_recorder/share/clip_recorder/package.sh'
[11.767s] INFO:colcon.colcon_core.shell:Creating package script '/home/ircv/DM_clipGUI/install/clip_recorder/share/clip_recorder/package.bash'
[11.767s] INFO:colcon.colcon_core.shell:Creating package script '/home/ircv/DM_clipGUI/install/clip_recorder/share/clip_recorder/package.zsh'
[11.768s] Level 1:colcon.colcon_core.environment:create_file_with_runtime_dependencies(/home/ircv/DM_clipGUI/install/clip_recorder/share/colcon-core/packages/clip_recorder)
[11.768s] DEBUG:colcon.colcon_parallel_executor.executor.parallel:closing loop
[11.768s] DEBUG:colcon.colcon_parallel_executor.executor.parallel:loop closed
[11.768s] DEBUG:colcon.colcon_parallel_executor.executor.parallel:run_until_complete finished with '0'
[11.768s] DEBUG:colcon.colcon_core.event_reactor:joining thread
[11.773s] INFO:colcon.colcon_core.plugin_system:Skipping extension 'colcon_notification.desktop_notification.terminal_notifier': Not used on non-Darwin systems
[11.773s] INFO:colcon.colcon_core.plugin_system:Skipping extension 'colcon_notification.desktop_notification.win32': Not used on non-Windows systems
[11.773s] INFO:colcon.colcon_notification.desktop_notification:Sending desktop notification using 'notify2'
[11.784s] DEBUG:colcon.colcon_core.event_reactor:joined thread
[11.784s] INFO:colcon.colcon_core.shell:Creating prefix script '/home/ircv/DM_clipGUI/install/local_setup.ps1'
[11.785s] INFO:colcon.colcon_core.shell:Creating prefix util module '/home/ircv/DM_clipGUI/install/_local_setup_util_ps1.py'
[11.786s] INFO:colcon.colcon_core.shell:Creating prefix chain script '/home/ircv/DM_clipGUI/install/setup.ps1'
[11.787s] INFO:colcon.colcon_core.shell:Creating prefix script '/home/ircv/DM_clipGUI/install/local_setup.sh'
[11.788s] INFO:colcon.colcon_core.shell:Creating prefix util module '/home/ircv/DM_clipGUI/install/_local_setup_util_sh.py'
[11.788s] INFO:colcon.colcon_core.shell:Creating prefix chain script '/home/ircv/DM_clipGUI/install/setup.sh'
[11.789s] INFO:colcon.colcon_core.shell:Creating prefix script '/home/ircv/DM_clipGUI/install/local_setup.bash'
[11.789s] INFO:colcon.colcon_core.shell:Creating prefix chain script '/home/ircv/DM_clipGUI/install/setup.bash'
[11.790s] INFO:colcon.colcon_core.shell:Creating prefix script '/home/ircv/DM_clipGUI/install/local_setup.zsh'
[11.791s] INFO:colcon.colcon_core.shell:Creating prefix chain script '/home/ircv/DM_clipGUI/install/setup.zsh'
