-- The C compiler identification is GNU 11.4.0
-- The CXX compiler identification is GNU 11.4.0
-- Detecting C compiler ABI info
-- Detecting C compiler ABI info - done
-- Check for working C compiler: /usr/bin/cc - skipped
-- Detecting C compile features
-- Detecting C compile features - done
-- Detecting CXX compiler ABI info
-- Detecting CXX compiler ABI info - done
-- Check for working CXX compiler: /usr/bin/c++ - skipped
-- Detecting CXX compile features
-- Detecting CXX compile features - done
-- Found ament_cmake: 1.3.14 (/opt/ros/humble/share/ament_cmake/cmake)
-- Found Python3: /usr/bin/python3 (found version "3.10.12") found components: Interpreter 
-- Override CMake install command with custom implementation using symlinks instead of copying resources
-- Found rclcpp: 16.0.19 (/opt/ros/humble/share/rclcpp/cmake)
-- Found rosidl_generator_c: 3.1.8 (/opt/ros/humble/share/rosidl_generator_c/cmake)
-- Found rosidl_adapter: 3.1.8 (/opt/ros/humble/share/rosidl_adapter/cmake)
-- Found rosidl_generator_cpp: 3.1.8 (/opt/ros/humble/share/rosidl_generator_cpp/cmake)
-- Using all available rosidl_typesupport_c: rosidl_typesupport_fastrtps_c;rosidl_typesupport_introspection_c
-- Using all available rosidl_typesupport_cpp: rosidl_typesupport_fastrtps_cpp;rosidl_typesupport_introspection_cpp
-- Found rmw_implementation_cmake: 6.1.2 (/opt/ros/humble/share/rmw_implementation_cmake/cmake)
-- Found rmw_fastrtps_cpp: 6.2.10 (/opt/ros/humble/share/rmw_fastrtps_cpp/cmake)
-- Found OpenSSL: /usr/lib/x86_64-linux-gnu/libcrypto.so (found version "3.0.2")  
-- Found FastRTPS: /opt/ros/humble/include  
-- Using RMW implementation 'rmw_fastrtps_cpp' as default
-- Looking for pthread.h
-- Looking for pthread.h - found
-- Performing Test CMAKE_HAVE_LIBC_PTHREAD
-- Performing Test CMAKE_HAVE_LIBC_PTHREAD - Success
-- Found Threads: TRUE  
-- Found rosbag2_cpp: 0.15.16 (/opt/ros/humble/share/rosbag2_cpp/cmake)
-- Found std_srvs: 4.9.1 (/opt/ros/humble/share/std_srvs/cmake)
-- Found diagnostic_msgs: 4.9.1 (/opt/ros/humble/share/diagnostic_msgs/cmake)
-- Configuring done
-- Generating done
-- Build files have been written to: /home/ircv/DM_clipGUI/build/clip_recorder
[ 50%] [32mBuilding CXX object CMakeFiles/clip_recorder.dir/src/clip_recorder.cpp.o[0m
[100%] [32m[1mLinking CXX executable clip_recorder[0m
[100%] Built target clip_recorder
-- Install configuration: ""
-- Execute custom install script
-- Symlinking: /home/ircv/DM_clipGUI/install/clip_recorder/lib/clip_recorder/clip_recorder
-- Symlinking: /home/ircv/DM_clipGUI/install/clip_recorder/share/clip_recorder/config/params.yaml
-- Symlinking: /home/ircv/DM_clipGUI/install/clip_recorder/share/clip_recorder/launch/clip_recorder.launch.py
-- Symlinking: /home/ircv/DM_clipGUI/install/clip_recorder/share/ament_index/resource_index/package_run_dependencies/clip_recorder
-- Symlinking: /home/ircv/DM_clipGUI/install/clip_recorder/share/ament_index/resource_index/parent_prefix_path/clip_recorder
-- Symlinking: /home/ircv/DM_clipGUI/install/clip_recorder/share/clip_recorder/environment/ament_prefix_path.sh
-- Symlinking: /home/ircv/DM_clipGUI/install/clip_recorder/share/clip_recorder/environment/ament_prefix_path.dsv
-- Symlinking: /home/ircv/DM_clipGUI/install/clip_recorder/share/clip_recorder/environment/path.sh
-- Symlinking: /home/ircv/DM_clipGUI/install/clip_recorder/share/clip_recorder/environment/path.dsv
-- Symlinking: /home/ircv/DM_clipGUI/install/clip_recorder/share/clip_recorder/local_setup.bash
-- Symlinking: /home/ircv/DM_clipGUI/install/clip_recorder/share/clip_recorder/local_setup.sh
-- Symlinking: /home/ircv/DM_clipGUI/install/clip_recorder/share/clip_recorder/local_setup.zsh
-- Symlinking: /home/ircv/DM_clipGUI/install/clip_recorder/share/clip_recorder/local_setup.dsv
-- Symlinking: /home/ircv/DM_clipGUI/install/clip_recorder/share/clip_recorder/package.dsv
-- Symlinking: /home/ircv/DM_clipGUI/install/clip_recorder/share/ament_index/resource_index/packages/clip_recorder
-- Symlinking: /home/ircv/DM_clipGUI/install/clip_recorder/share/clip_recorder/cmake/clip_recorderConfig.cmake
-- Symlinking: /home/ircv/DM_clipGUI/install/clip_recorder/share/clip_recorder/cmake/clip_recorderConfig-version.cmake
-- Symlinking: /home/ircv/DM_clipGUI/install/clip_recorder/share/clip_recorder/package.xml
-- Installing: /home/ircv/DM_clipGUI/install/clip_recorder/lib/clip_recorder/buffer_probe
-- Installing: /home/ircv/DM_clipGUI/install/clip_recorder/lib/clip_recorder/clip_trigger
