-- Found ament_cmake: 1.3.14 (/opt/ros/humble/share/ament_cmake/cmake)
-- Override CMake install command with custom implementation using symlinks instead of copying resources
-- Found rclcpp: 16.0.19 (/opt/ros/humble/share/rclcpp/cmake)
-- Found rosidl_generator_c: 3.1.8 (/opt/ros/humble/share/rosidl_generator_c/cmake)
-- Found rosidl_adapter: 3.1.8 (/opt/ros/humble/share/rosidl_adapter/cmake)
-- Found rosidl_generator_cpp: 3.1.8 (/opt/ros/humble/share/rosidl_generator_cpp/cmake)
-- Using all available rosidl_typesupport_c: rosidl_typesupport_fastrtps_c;rosidl_typesupport_introspection_c
-- Using all available rosidl_typesupport_cpp: rosidl_typesupport_fastrtps_cpp;rosidl_typesupport_introspection_cpp
-- Found rmw_implementation_cmake: 6.1.2 (/opt/ros/humble/share/rmw_implementation_cmake/cmake)
-- Found rmw_fastrtps_cpp: 6.2.10 (/opt/ros/humble/share/rmw_fastrtps_cpp/cmake)
-- Using RMW implementation 'rmw_fastrtps_cpp' as default
-- Found rosbag2_cpp: 0.15.16 (/opt/ros/humble/share/rosbag2_cpp/cmake)
-- Found std_srvs: 4.9.1 (/opt/ros/humble/share/std_srvs/cmake)
-- Found diagnostic_msgs: 4.9.1 (/opt/ros/humble/share/diagnostic_msgs/cmake)
-- Configuring done
-- Generating done
-- Build files have been written to: /home/ircv/DM_clipGUI/build/clip_recorder
Consolidate compiler generated dependencies of target clip_recorder
[100%] Built target clip_recorder
-- Install configuration: ""
-- Execute custom install script
-- Up-to-date symlink: /home/ircv/DM_clipGUI/install/clip_recorder/lib/clip_recorder/clip_recorder
-- Up-to-date symlink: /home/ircv/DM_clipGUI/install/clip_recorder/share/clip_recorder/config/params.yaml
-- Up-to-date symlink: /home/ircv/DM_clipGUI/install/clip_recorder/share/clip_recorder/launch/clip_recorder.launch.py
-- Up-to-date symlink: /home/ircv/DM_clipGUI/install/clip_recorder/share/ament_index/resource_index/package_run_dependencies/clip_recorder
-- Up-to-date symlink: /home/ircv/DM_clipGUI/install/clip_recorder/share/ament_index/resource_index/parent_prefix_path/clip_recorder
-- Up-to-date symlink: /home/ircv/DM_clipGUI/install/clip_recorder/share/clip_recorder/environment/ament_prefix_path.sh
-- Up-to-date symlink: /home/ircv/DM_clipGUI/install/clip_recorder/share/clip_recorder/environment/ament_prefix_path.dsv
-- Up-to-date symlink: /home/ircv/DM_clipGUI/install/clip_recorder/share/clip_recorder/environment/path.sh
-- Up-to-date symlink: /home/ircv/DM_clipGUI/install/clip_recorder/share/clip_recorder/environment/path.dsv
-- Up-to-date symlink: /home/ircv/DM_clipGUI/install/clip_recorder/share/clip_recorder/local_setup.bash
-- Up-to-date symlink: /home/ircv/DM_clipGUI/install/clip_recorder/share/clip_recorder/local_setup.sh
-- Up-to-date symlink: /home/ircv/DM_clipGUI/install/clip_recorder/share/clip_recorder/local_setup.zsh
-- Up-to-date symlink: /home/ircv/DM_clipGUI/install/clip_recorder/share/clip_recorder/local_setup.dsv
-- Symlinking: /home/ircv/DM_clipGUI/install/clip_recorder/share/clip_recorder/package.dsv
-- Up-to-date symlink: /home/ircv/DM_clipGUI/install/clip_recorder/share/ament_index/resource_index/packages/clip_recorder
-- Up-to-date symlink: /home/ircv/DM_clipGUI/install/clip_recorder/share/clip_recorder/cmake/clip_recorderConfig.cmake
-- Up-to-date symlink: /home/ircv/DM_clipGUI/install/clip_recorder/share/clip_recorder/cmake/clip_recorderConfig-version.cmake
-- Up-to-date symlink: /home/ircv/DM_clipGUI/install/clip_recorder/share/clip_recorder/package.xml
-- Up-to-date: /home/ircv/DM_clipGUI/install/clip_recorder/lib/clip_recorder/buffer_probe
-- Up-to-date: /home/ircv/DM_clipGUI/install/clip_recorder/lib/clip_recorder/clip_trigger
